test_duplicate_json_source_keys_cannot_be_trusted (__main__.RealSourceSevenTests.test_duplicate_json_source_keys_cannot_be_trusted) ... ok
test_exact_immutable_original_is_only_partial_source_authority (__main__.RealSourceSevenTests.test_exact_immutable_original_is_only_partial_source_authority) ... ok
test_exact_internal_member_digest_rechecked_independently (__main__.RealSourceSevenTests.test_exact_internal_member_digest_rechecked_independently) ... ok
test_execution_plan_catalog_blob_drift_rejected (__main__.RealSourceSevenTests.test_execution_plan_catalog_blob_drift_rejected) ... ok
test_expired_zip_cannot_certify_a_family (__main__.RealSourceSevenTests.test_expired_zip_cannot_certify_a_family) ... ok
test_external_registry_blob_drift_rejected (__main__.RealSourceSevenTests.test_external_registry_blob_drift_rejected) ... ok
test_four_unresolved_native_families_cannot_be_removed (__main__.RealSourceSevenTests.test_four_unresolved_native_families_cannot_be_removed) ... ok
test_github_synthetic_merge_sha_is_not_source_head (__main__.RealSourceSevenTests.test_github_synthetic_merge_sha_is_not_source_head) ... ok
test_no_boolean_run_id (__main__.RealSourceSevenTests.test_no_boolean_run_id) ... ok
test_one_pinned_family_file_digest_forged_fails (__main__.RealSourceSevenTests.test_one_pinned_family_file_digest_forged_fails) ... ok
test_one_pinned_family_status_forged_fails (__main__.RealSourceSevenTests.test_one_pinned_family_status_forged_fails) ... ok
test_original_source_blob_tamper_rejected (__main__.RealSourceSevenTests.test_original_source_blob_tamper_rejected) ... ok
test_original_source_has_zero_real_gas_sponsors_not_global_absence (__main__.RealSourceSevenTests.test_original_source_has_zero_real_gas_sponsors_not_global_absence) ... ok
test_original_successful_run_required (__main__.RealSourceSevenTests.test_original_successful_run_required) ... ok
test_original_zip_sha_must_match_pinned_digest (__main__.RealSourceSevenTests.test_original_zip_sha_must_match_pinned_digest) ... ok
test_renamed_archive_disagrees_with_producing_head (__main__.RealSourceSevenTests.test_renamed_archive_disagrees_with_producing_head) ... ok
test_report_deterministic_and_content_addressed (__main__.RealSourceSevenTests.test_report_deterministic_and_content_addressed) ... ok
test_seven_families_cannot_claim_universe_complete (__main__.RealSourceSevenTests.test_seven_families_cannot_claim_universe_complete) ... ok
test_seven_family_evidence_cannot_close_D11 (__main__.RealSourceSevenTests.test_seven_family_evidence_cannot_close_D11) ... ok
test_simulated_available_gas_not_supported (__main__.RealSourceSevenTests.test_simulated_available_gas_not_supported) ... ok
test_simulated_live_execution_plan_not_supported (__main__.RealSourceSevenTests.test_simulated_live_execution_plan_not_supported) ... ok
test_zero_or_replaced_archive_metadata_sha (__main__.RealSourceSevenTests.test_zero_or_replaced_archive_metadata_sha) ... ok

----------------------------------------------------------------------
Ran 22 tests in 0.014s

OK
