test_12_source_families_not_reported_as_13 (__main__.ThirteenAuthenticatedSourceTests.test_12_source_families_not_reported_as_13) ... ok
test_aave_and_uni_v2_execution_eligibility_remains_unproven (__main__.ThirteenAuthenticatedSourceTests.test_aave_and_uni_v2_execution_eligibility_remains_unproven) ... ok
test_actual_four_native_counts_without_executable_pnl (__main__.ThirteenAuthenticatedSourceTests.test_actual_four_native_counts_without_executable_pnl) ... ok
test_authentic_gas_registry_drift_rejected (__main__.ThirteenAuthenticatedSourceTests.test_authentic_gas_registry_drift_rejected) ... ok
test_balancer_univ3_positive_eligible_count_remains_false (__main__.ThirteenAuthenticatedSourceTests.test_balancer_univ3_positive_eligible_count_remains_false) ... ok
test_double_replay_is_byte_exact (__main__.ThirteenAuthenticatedSourceTests.test_double_replay_is_byte_exact) ... ok
test_fake_four_original_family_hash_rejected (__main__.ThirteenAuthenticatedSourceTests.test_fake_four_original_family_hash_rejected) ... ok
test_fake_native_family_terminal_closure_rejected (__main__.ThirteenAuthenticatedSourceTests.test_fake_native_family_terminal_closure_rejected) ... ok
test_forged_original_d08_source_zip_rejected (__main__.ThirteenAuthenticatedSourceTests.test_forged_original_d08_source_zip_rejected) ... ok
test_forged_original_dual_provider_zip_rejected (__main__.ThirteenAuthenticatedSourceTests.test_forged_original_dual_provider_zip_rejected) ... ok
test_forged_original_four_artifact_head (__main__.ThirteenAuthenticatedSourceTests.test_forged_original_four_artifact_head) ... ok
test_forged_original_four_native_zip_rejected (__main__.ThirteenAuthenticatedSourceTests.test_forged_original_four_native_zip_rejected) ... ok
test_forged_original_four_run_failed (__main__.ThirteenAuthenticatedSourceTests.test_forged_original_four_run_failed) ... ok
test_forged_upstream_d08_producer_status (__main__.ThirteenAuthenticatedSourceTests.test_forged_upstream_d08_producer_status) ... ok
test_forged_upstream_dual_audit_digest (__main__.ThirteenAuthenticatedSourceTests.test_forged_upstream_dual_audit_digest) ... ok
test_missing_family_discovery_stays_a_material_blocker (__main__.ThirteenAuthenticatedSourceTests.test_missing_family_discovery_stays_a_material_blocker) ... ok
test_no_self_certified_discovery_or_D11_or_canary (__main__.ThirteenAuthenticatedSourceTests.test_no_self_certified_discovery_or_D11_or_canary) ... ok
test_original_three_zip_outer_byte_hashes (__main__.ThirteenAuthenticatedSourceTests.test_original_three_zip_outer_byte_hashes) ... ok
test_pending_unresolved_family_fails_source_gate (__main__.ThirteenAuthenticatedSourceTests.test_pending_unresolved_family_fails_source_gate) ... ok
test_reject_duplicated_json_field (__main__.ThirteenAuthenticatedSourceTests.test_reject_duplicated_json_field) ... ok
test_three_original_audits_and_all_four_member_bytes (__main__.ThirteenAuthenticatedSourceTests.test_three_original_audits_and_all_four_member_bytes) ... ok
test_wrong_original_native_producer_workflow_fails (__main__.ThirteenAuthenticatedSourceTests.test_wrong_original_native_producer_workflow_fails) ... ok

----------------------------------------------------------------------
Ran 22 tests in 0.021s

OK
