test_aave_v3_and_uni_v2_are_historic_sources_not_executions (__main__.FourNativeSourceTests.test_aave_v3_and_uni_v2_are_historic_sources_not_executions) ... ok
test_balancer_and_univ3_protocol_sources_both_ineligible (__main__.FourNativeSourceTests.test_balancer_and_univ3_protocol_sources_both_ineligible) ... ok
test_duplicate_source_report_keys_rejected (__main__.FourNativeSourceTests.test_duplicate_source_report_keys_rejected) ... ok
test_external_native_gas_sponsor_cannot_be_fabricated (__main__.FourNativeSourceTests.test_external_native_gas_sponsor_cannot_be_fabricated) ... ok
test_forged_balancer_source_count_rejected (__main__.FourNativeSourceTests.test_forged_balancer_source_count_rejected) ... ok
test_forged_positive_native_liquidity_eligibility_rejected (__main__.FourNativeSourceTests.test_forged_positive_native_liquidity_eligibility_rejected) ... ok
test_forged_positive_profit_from_D08_rejected (__main__.FourNativeSourceTests.test_forged_positive_profit_from_D08_rejected) ... ok
test_forged_uniswap_v3_source_count_rejected (__main__.FourNativeSourceTests.test_forged_uniswap_v3_source_count_rejected) ... ok
test_four_unique_per_family_source_witnesses (__main__.FourNativeSourceTests.test_four_unique_per_family_source_witnesses) ... ok
test_invalid_census_final_lock_rejected (__main__.FourNativeSourceTests.test_invalid_census_final_lock_rejected) ... ok
test_no_source_attests_to_positive_executable_gas (__main__.FourNativeSourceTests.test_no_source_attests_to_positive_executable_gas) ... ok
test_original_d08_artifact_digest_forgery_fails (__main__.FourNativeSourceTests.test_original_d08_artifact_digest_forgery_fails) ... ok
test_original_d08_auditor_must_have_successful_run (__main__.FourNativeSourceTests.test_original_d08_auditor_must_have_successful_run) ... ok
test_original_dual_auditor_must_have_successful_run (__main__.FourNativeSourceTests.test_original_dual_auditor_must_have_successful_run) ... ok
test_original_dual_source_provenance_mismatch_fails (__main__.FourNativeSourceTests.test_original_dual_source_provenance_mismatch_fails) ... ok
test_original_universe_cannot_self_promote_d11 (__main__.FourNativeSourceTests.test_original_universe_cannot_self_promote_d11) ... ok
test_source_certification_does_not_imply_current_capture_or_profit (__main__.FourNativeSourceTests.test_source_certification_does_not_imply_current_capture_or_profit) ... ok
test_source_zip_wrong_outer_sha_rejected (__main__.FourNativeSourceTests.test_source_zip_wrong_outer_sha_rejected) ... ok
test_summary_content_address_and_determinism (__main__.FourNativeSourceTests.test_summary_content_address_and_determinism) ... ok
test_two_input_auditor_sources_share_exact_D08_manifest (__main__.FourNativeSourceTests.test_two_input_auditor_sources_share_exact_D08_manifest) ... ok
test_two_original_report_zip_byte_commits_are_exact (__main__.FourNativeSourceTests.test_two_original_report_zip_byte_commits_are_exact) ... ok

----------------------------------------------------------------------
Ran 21 tests in 0.015s

OK
