test_borrowing_and_persistent_debt_member_hashes_unique (__main__.IndependentOriginalD08DebtTests.test_borrowing_and_persistent_debt_member_hashes_unique) ... ok
test_duplicate_JSON_key_attack_rejected (__main__.IndependentOriginalD08DebtTests.test_duplicate_JSON_key_attack_rejected) ... ok
test_evergreen_D11_cannot_be_promoted_by_two_debt_rejections (__main__.IndependentOriginalD08DebtTests.test_evergreen_D11_cannot_be_promoted_by_two_debt_rejections) ... ok
test_forged_collateral_funding_catalog_rejected (__main__.IndependentOriginalD08DebtTests.test_forged_collateral_funding_catalog_rejected) ... ok
test_forged_extra_gas_provider_rejected (__main__.IndependentOriginalD08DebtTests.test_forged_extra_gas_provider_rejected) ... ok
test_forged_one_debt_family_status_rejected (__main__.IndependentOriginalD08DebtTests.test_forged_one_debt_family_status_rejected) ... ok
test_four_unresolved_native_families_cannot_be_omitted (__main__.IndependentOriginalD08DebtTests.test_four_unresolved_native_families_cannot_be_omitted) ... ok
test_missing_evidence_member_sha_rejected (__main__.IndependentOriginalD08DebtTests.test_missing_evidence_member_sha_rejected) ... ok
test_nonrecourse_native_gas_not_inferred_from_no_registration (__main__.IndependentOriginalD08DebtTests.test_nonrecourse_native_gas_not_inferred_from_no_registration) ... ok
test_original_D08_archive_sha_mismatch_rejected (__main__.IndependentOriginalD08DebtTests.test_original_D08_archive_sha_mismatch_rejected) ... ok
test_original_D08_code_tree_mismatch_rejected (__main__.IndependentOriginalD08DebtTests.test_original_D08_code_tree_mismatch_rejected) ... ok
test_original_artifact_expiry_rejected (__main__.IndependentOriginalD08DebtTests.test_original_artifact_expiry_rejected) ... ok
test_original_producer_status_failure_rejected (__main__.IndependentOriginalD08DebtTests.test_original_producer_status_failure_rejected) ... ok
test_original_producer_wrong_head_rejected (__main__.IndependentOriginalD08DebtTests.test_original_producer_wrong_head_rejected) ... ok
test_original_producer_zip_byte_tamper_rejected (__main__.IndependentOriginalD08DebtTests.test_original_producer_zip_byte_tamper_rejected) ... ok
test_other_original_D08_family_synthetic_presence_cannot_close_census (__main__.IndependentOriginalD08DebtTests.test_other_original_D08_family_synthetic_presence_cannot_close_census) ... ok
test_output_bytes_deterministic_and_report_is_addressed (__main__.IndependentOriginalD08DebtTests.test_output_bytes_deterministic_and_report_is_addressed) ... ok
test_real_five_original_and_two_debt_source_pins_replay (__main__.IndependentOriginalD08DebtTests.test_real_five_original_and_two_debt_source_pins_replay) ... ok
test_synthetic_same_name_wrong_sha_rejected (__main__.IndependentOriginalD08DebtTests.test_synthetic_same_name_wrong_sha_rejected) ... ok
test_unverified_original_D08_run_rejected (__main__.IndependentOriginalD08DebtTests.test_unverified_original_D08_run_rejected) ... ok

----------------------------------------------------------------------
Ran 20 tests in 0.028s

OK
