test_13_family_identity_conserves_six_unresolved (__main__.D08OriginalDebtSourceTests.test_13_family_identity_conserves_six_unresolved) ... ok
test_archive_directory_traversal_rejected (__main__.D08OriginalDebtSourceTests.test_archive_directory_traversal_rejected) ... ok
test_artifact_run_id_mismatch_rejected (__main__.D08OriginalDebtSourceTests.test_artifact_run_id_mismatch_rejected) ... ok
test_artifact_source_head_mismatch_rejected (__main__.D08OriginalDebtSourceTests.test_artifact_source_head_mismatch_rejected) ... ok
test_bool_run_id_is_not_integer (__main__.D08OriginalDebtSourceTests.test_bool_run_id_is_not_integer) ... ok
test_different_head_cannot_promote (__main__.D08OriginalDebtSourceTests.test_different_head_cannot_promote) ... ok
test_duplicate_archive_members_rejected (__main__.D08OriginalDebtSourceTests.test_duplicate_archive_members_rejected) ... ok
test_duplicate_json_keys_rejected (__main__.D08OriginalDebtSourceTests.test_duplicate_json_keys_rejected) ... ok
test_expired_zip_is_not_authenticated (__main__.D08OriginalDebtSourceTests.test_expired_zip_is_not_authenticated) ... ok
test_five_original_published_artifact_metadata_refs_pinned (__main__.D08OriginalDebtSourceTests.test_five_original_published_artifact_metadata_refs_pinned) ... ok
test_forged_artifact_digest_rejected (__main__.D08OriginalDebtSourceTests.test_forged_artifact_digest_rejected) ... ok
test_original_d10_authority_may_be_at_archive_root (__main__.D08OriginalDebtSourceTests.test_original_d10_authority_may_be_at_archive_root) ... ok
test_original_run_failure_cannot_promote (__main__.D08OriginalDebtSourceTests.test_original_run_failure_cannot_promote) ... ok
test_original_source_mutation_fails_blob_lock (__main__.D08OriginalDebtSourceTests.test_original_source_mutation_fails_blob_lock) ... ok
test_real_original_source_file_catalog_exact_and_bounded (__main__.D08OriginalDebtSourceTests.test_real_original_source_file_catalog_exact_and_bounded) ... ok
test_synthetic_rejection_publication_never_certifies_census (__main__.D08OriginalDebtSourceTests.test_synthetic_rejection_publication_never_certifies_census) ... RMC011_ORIGINAL_D08_TWO_DEBT_REJECTIONS_SOURCE_ONLY D11_CLOSED=false
ok
test_synthetic_safe_zip_member_structure_only (__main__.D08OriginalDebtSourceTests.test_synthetic_safe_zip_member_structure_only) ... ok
test_unavailable_authority_is_not_synthesized (__main__.D08OriginalDebtSourceTests.test_unavailable_authority_is_not_synthesized) ... ok
test_validate_genuine_metadata_shape_syntactically (__main__.D08OriginalDebtSourceTests.test_validate_genuine_metadata_shape_syntactically) ... ok
test_wrong_workflow_identity_rejected (__main__.D08OriginalDebtSourceTests.test_wrong_workflow_identity_rejected) ... ok

----------------------------------------------------------------------
Ran 20 tests in 0.004s

OK
