test_boolean_or_negative_flash_source_count_fails_closed (__main__.OriginalD08NativeFlashImportTests.test_boolean_or_negative_flash_source_count_fails_closed) ... ok
test_deterministic_byte_output_for_same_observation (__main__.OriginalD08NativeFlashImportTests.test_deterministic_byte_output_for_same_observation) ... RMC011_ORIGINAL_D08_AAVE_V3_AND_UNISWAP_V2_SOURCE_IMPORT_REPLAY_ONLY AAVE_V3 2 UNI_V2 4 GAS_PROVIDER=0 D11_TERMINAL=false
RMC011_ORIGINAL_D08_AAVE_V3_AND_UNISWAP_V2_SOURCE_IMPORT_REPLAY_ONLY AAVE_V3 2 UNI_V2 4 GAS_PROVIDER=0 D11_TERMINAL=false
ok
test_falsified_real_source_inputs_git_blob_rejected (__main__.OriginalD08NativeFlashImportTests.test_falsified_real_source_inputs_git_blob_rejected) ... ok
test_missing_real_file_source_fails_closed (__main__.OriginalD08NativeFlashImportTests.test_missing_real_file_source_fails_closed) ... ok
test_mocked_bad_source_class_count_bool_must_fail (__main__.OriginalD08NativeFlashImportTests.test_mocked_bad_source_class_count_bool_must_fail) ... ok
test_mocked_d08_and_closeout_counts_must_agree (__main__.OriginalD08NativeFlashImportTests.test_mocked_d08_and_closeout_counts_must_agree) ... ok
test_mocked_d08_import_blocks_fake_pnl (__main__.OriginalD08NativeFlashImportTests.test_mocked_d08_import_blocks_fake_pnl) ... ok
test_mocked_d08_import_blocks_fake_real_pnl (__main__.OriginalD08NativeFlashImportTests.test_mocked_d08_import_blocks_fake_real_pnl) ... ok
test_mocked_d08_import_blocks_fake_terminal_capital (__main__.OriginalD08NativeFlashImportTests.test_mocked_d08_import_blocks_fake_terminal_capital) ... ok
test_mocked_import_can_only_certify_source_conservation (__main__.OriginalD08NativeFlashImportTests.test_mocked_import_can_only_certify_source_conservation) ... ok
test_mocked_run_failure_rejected_before_source_interpretation (__main__.OriginalD08NativeFlashImportTests.test_mocked_run_failure_rejected_before_source_interpretation) ... RMC011_AUTHENTIC_D08_NATIVE_RUST_IMPORT_FAILED return=1 stderr_tail='Capital source authority mismatch' stdout_tail=''
ok
test_mocked_source_class_accounting_cannot_be_inconsistent (__main__.OriginalD08NativeFlashImportTests.test_mocked_source_class_accounting_cannot_be_inconsistent) ... ok
test_nonempty_unresolved_families_are_only_four_native (__main__.OriginalD08NativeFlashImportTests.test_nonempty_unresolved_families_are_only_four_native) ... ok
test_original_5_source_witness_identity_pinned (__main__.OriginalD08NativeFlashImportTests.test_original_5_source_witness_identity_pinned) ... ok
test_original_two_relevant_source_archives_are_exact (__main__.OriginalD08NativeFlashImportTests.test_original_two_relevant_source_archives_are_exact) ... ok
test_original_upstream_archive_head_modified_rejected (__main__.OriginalD08NativeFlashImportTests.test_original_upstream_archive_head_modified_rejected) ... ok
test_real_catalog_is_exact_9_4_with_no_live_approval (__main__.OriginalD08NativeFlashImportTests.test_real_catalog_is_exact_9_4_with_no_live_approval) ... ok
test_source_import_report_never_closes_D11_or_claims_gas (__main__.OriginalD08NativeFlashImportTests.test_source_import_report_never_closes_D11_or_claims_gas) ... RMC011_ORIGINAL_D08_AAVE_V3_AND_UNISWAP_V2_SOURCE_IMPORT_REPLAY_ONLY AAVE_V3 67 UNI_V2 10 GAS_PROVIDER=0 D11_TERMINAL=false
ok
test_source_only_report_source_observations_not_cash (__main__.OriginalD08NativeFlashImportTests.test_source_only_report_source_observations_not_cash) ... RMC011_ORIGINAL_D08_AAVE_V3_AND_UNISWAP_V2_SOURCE_IMPORT_REPLAY_ONLY AAVE_V3 3 UNI_V2 9 GAS_PROVIDER=0 D11_TERMINAL=false
ok
test_zero_market_replay_does_not_imply_nqc_capture (__main__.OriginalD08NativeFlashImportTests.test_zero_market_replay_does_not_imply_nqc_capture) ... RMC011_ORIGINAL_D08_AAVE_V3_AND_UNISWAP_V2_SOURCE_IMPORT_REPLAY_ONLY AAVE_V3 0 UNI_V2 0 GAS_PROVIDER=0 D11_TERMINAL=false
ok

----------------------------------------------------------------------
Ran 20 tests in 0.008s

OK
